#
# There is insufficient memory for the Java Runtime Environment to continue.
# Native memory allocation (malloc) failed to allocate 1270016 bytes for Chunk::new
# Possible reasons:
#   The system is out of physical RAM or swap space
#   The process is running with CompressedOops enabled, and the Java Heap may be blocking the growth of the native heap
# Possible solutions:
#   Reduce memory load on the system
#   Increase physical memory or swap space
#   Check if swap backing store is full
#   Decrease Java heap size (-Xmx/-Xms)
#   Decrease number of Java threads
#   Decrease Java thread stack sizes (-Xss)
#   Set larger code cache with -XX:ReservedCodeCacheSize=
#   JVM is running with Zero Based Compressed Oops mode in which the Java heap is
#     placed in the first 32GB address space. The Java Heap base address is the
#     maximum limit for the native heap growth. Please use -XX:HeapBaseMinAddress
#     to set the Java Heap base and to place the Java Heap above 32GB virtual address.
# This output file may be truncated or incomplete.
#
#  Out of Memory Error (arena.cpp:189), pid=21384, tid=18992
#
# JRE version: Java(TM) SE Runtime Environment (17.0.11+7) (build 17.0.11+7-LTS-207)
# Java VM: Java HotSpot(TM) 64-Bit Server VM (17.0.11+7-LTS-207, mixed mode, sharing, tiered, compressed oops, compressed class ptrs, g1 gc, windows-amd64)
# No core dump will be written. Minidumps are not enabled by default on client versions of Windows
#

---------------  S U M M A R Y ------------

Command Line: --add-opens=java.base/java.util=ALL-UNNAMED --add-opens=java.base/java.lang=ALL-UNNAMED --add-opens=java.base/java.lang.invoke=ALL-UNNAMED --add-opens=java.prefs/java.util.prefs=ALL-UNNAMED --add-opens=java.base/java.nio.charset=ALL-UNNAMED --add-opens=java.base/java.net=ALL-UNNAMED --add-opens=java.base/java.util.concurrent.atomic=ALL-UNNAMED -Xmx4g -Dfile.encoding=utf8 -Duser.country=US -Duser.language=en -Duser.variant org.gradle.launcher.daemon.bootstrap.GradleDaemon 7.6.3

Host: Intel(R) Core(TM) i7-4600U CPU @ 2.10GHz, 4 cores, 7G,  Windows 11 , 64 bit Build 22000 (10.0.22000.2538)
Time: Thu Jan 16 11:26:34 2025 SE Asia Standard Time elapsed time: 154.394531 seconds (0d 0h 2m 34s)

---------------  T H R E A D  ---------------

Current thread (0x000001677e7e93a0):  JavaThread "C2 CompilerThread0" daemon [_thread_in_native, id=18992, stack(0x000000281a300000,0x000000281a400000)]


Current CompileTask:
C2: 154394 7960       4       org.objectweb.asm.ClassReader::readCode (5109 bytes)

Stack: [0x000000281a300000,0x000000281a400000]
Native frames: (J=compiled Java code, j=interpreted, Vv=VM code, C=native code)
V  [jvm.dll+0x679cca]
V  [jvm.dll+0x7da13d]
V  [jvm.dll+0x7dba83]
V  [jvm.dll+0x7dc0f3]
V  [jvm.dll+0x2449af]
V  [jvm.dll+0xab83b]
V  [jvm.dll+0xabe1c]
V  [jvm.dll+0x2a9e6f]
V  [jvm.dll+0x5818d9]
V  [jvm.dll+0x21ed62]
V  [jvm.dll+0x21f13f]
V  [jvm.dll+0x218331]
V  [jvm.dll+0x215505]
V  [jvm.dll+0x1a2040]
V  [jvm.dll+0x225a2b]
V  [jvm.dll+0x223bcb]
V  [jvm.dll+0x7903ec]
V  [jvm.dll+0x78a85a]
V  [jvm.dll+0x678bb5]
C  [ucrtbase.dll+0x26c0c]
C  [KERNEL32.DLL+0x153e0]
C  [ntdll.dll+0x485b]


---------------  P R O C E S S  ---------------

Threads class SMR info:
_java_thread_list=0x0000016746935de0, length=85, elements={
0x000001675c264030, 0x000001677e7cd230, 0x000001677e7ce0b0, 0x000001677e7e48b0,
0x000001677e7e7280, 0x000001677e7e7c40, 0x000001677e7e8600, 0x000001677e7e93a0,
0x000001677e7eae60, 0x000001677e978450, 0x000001677ea2adc0, 0x000001677ea2fae0,
0x0000016745ecf6f0, 0x000001677ee80580, 0x000001677ead2430, 0x000001677f3c5a00,
0x0000016745bec220, 0x00000167454412c0, 0x0000016745441ce0, 0x00000167454421f0,
0x0000016745442c10, 0x0000016745443630, 0x0000016745443120, 0x000001674543fe80,
0x0000016745440db0, 0x00000167454408a0, 0x0000016745442700, 0x0000016746ed1440,
0x0000016746eccd60, 0x0000016746ed0510, 0x0000016746ecebc0, 0x0000016746ed1950,
0x0000016746ed2370, 0x0000016746ed2880, 0x0000016746ecf0d0, 0x0000016746ed2d90,
0x0000016746ed0a20, 0x0000016746ed37b0, 0x0000016746ecd270, 0x0000016746ecfaf0,
0x0000016746ecd780, 0x0000016746ecdc90, 0x0000016746ecf5e0, 0x0000016746ecc850,
0x0000016746ed0000, 0x0000016746ed0f30, 0x0000016745440390, 0x0000016748f303c0,
0x0000016748f2feb0, 0x0000016748f2e560, 0x0000016748f2f490, 0x0000016748f2e050,
0x0000016748f32730, 0x0000016748f31d10, 0x0000016748f32220, 0x0000016748f2ef80,
0x0000016748f31800, 0x0000016748f30de0, 0x0000016748f312f0, 0x0000016748f33660,
0x0000016748f34fb0, 0x0000016748f2f9a0, 0x0000016748f33150, 0x0000016748f32c40,
0x0000016748f33b70, 0x0000016748f34080, 0x0000016748f34590, 0x0000016748f34aa0,
0x0000016748f359d0, 0x0000016748f354c0, 0x0000016747760660, 0x00000167477633f0,
0x0000016747760b70, 0x0000016747762ee0, 0x000001674775fc40, 0x00000167477629d0,
0x0000016747763900, 0x0000016747764d40, 0x0000016747761080, 0x0000016747763e10,
0x000001674775dde0, 0x0000016747761590, 0x0000016747764320, 0x0000016747765250,
0x000001674775e800
}

Java Threads: ( => current thread )
  0x000001675c264030 JavaThread "main" [_thread_blocked, id=16808, stack(0x0000002819600000,0x0000002819700000)]
  0x000001677e7cd230 JavaThread "Reference Handler" daemon [_thread_blocked, id=12804, stack(0x0000002819d00000,0x0000002819e00000)]
  0x000001677e7ce0b0 JavaThread "Finalizer" daemon [_thread_blocked, id=16740, stack(0x0000002819e00000,0x0000002819f00000)]
  0x000001677e7e48b0 JavaThread "Signal Dispatcher" daemon [_thread_blocked, id=13028, stack(0x0000002819f00000,0x000000281a000000)]
  0x000001677e7e7280 JavaThread "Attach Listener" daemon [_thread_blocked, id=16780, stack(0x000000281a000000,0x000000281a100000)]
  0x000001677e7e7c40 JavaThread "Service Thread" daemon [_thread_blocked, id=19252, stack(0x000000281a100000,0x000000281a200000)]
  0x000001677e7e8600 JavaThread "Monitor Deflation Thread" daemon [_thread_blocked, id=19776, stack(0x000000281a200000,0x000000281a300000)]
=>0x000001677e7e93a0 JavaThread "C2 CompilerThread0" daemon [_thread_in_native, id=18992, stack(0x000000281a300000,0x000000281a400000)]
  0x000001677e7eae60 JavaThread "C1 CompilerThread0" daemon [_thread_blocked, id=9964, stack(0x000000281a400000,0x000000281a500000)]
  0x000001677e978450 JavaThread "Sweeper thread" daemon [_thread_blocked, id=13428, stack(0x000000281a500000,0x000000281a600000)]
  0x000001677ea2adc0 JavaThread "Common-Cleaner" daemon [_thread_blocked, id=9576, stack(0x000000281a600000,0x000000281a700000)]
  0x000001677ea2fae0 JavaThread "Notification Thread" daemon [_thread_blocked, id=1208, stack(0x000000281a700000,0x000000281a800000)]
  0x0000016745ecf6f0 JavaThread "Daemon health stats" [_thread_blocked, id=4680, stack(0x000000281ac00000,0x000000281ad00000)]
  0x000001677ee80580 JavaThread "Incoming local TCP Connector on port 64662" [_thread_in_native, id=1624, stack(0x000000281ad00000,0x000000281ae00000)]
  0x000001677ead2430 JavaThread "Daemon periodic checks" [_thread_blocked, id=13944, stack(0x000000281ae00000,0x000000281af00000)]
  0x000001677f3c5a00 JavaThread "Daemon" [_thread_blocked, id=19052, stack(0x000000281b000000,0x000000281b100000)]
  0x0000016745bec220 JavaThread "Handler for socket connection from /127.0.0.1:64662 to /127.0.0.1:64667" [_thread_in_native, id=1240, stack(0x000000281b100000,0x000000281b200000)]
  0x00000167454412c0 JavaThread "Cancel handler" [_thread_blocked, id=13792, stack(0x000000281b200000,0x000000281b300000)]
  0x0000016745441ce0 JavaThread "Daemon worker" [_thread_in_Java, id=4872, stack(0x000000281b300000,0x000000281b400000)]
  0x00000167454421f0 JavaThread "Asynchronous log dispatcher for DefaultDaemonConnection: socket connection from /127.0.0.1:64662 to /127.0.0.1:64667" [_thread_blocked, id=16688, stack(0x000000281b400000,0x000000281b500000)]
  0x0000016745442c10 JavaThread "Daemon client event forwarder" [_thread_blocked, id=20732, stack(0x000000281b600000,0x000000281b700000)]
  0x0000016745443630 JavaThread "Cache worker for journal cache (C:\Users\chihu\.gradle\caches\journal-1)" [_thread_blocked, id=20528, stack(0x000000281b900000,0x000000281ba00000)]
  0x0000016745443120 JavaThread "File lock request listener" [_thread_in_native, id=20604, stack(0x000000281ba00000,0x000000281bb00000)]
  0x000001674543fe80 JavaThread "Cache worker for file hash cache (C:\Users\chihu\.gradle\caches\7.6.3\fileHashes)" [_thread_blocked, id=16776, stack(0x000000281bb00000,0x000000281bc00000)]
  0x0000016745440db0 JavaThread "File watcher server" daemon [_thread_in_native, id=14456, stack(0x000000281bc00000,0x000000281bd00000)]
  0x00000167454408a0 JavaThread "File watcher consumer" daemon [_thread_blocked, id=12720, stack(0x000000281bd00000,0x000000281be00000)]
  0x0000016745442700 JavaThread "jar transforms" [_thread_blocked, id=17676, stack(0x000000281be00000,0x000000281bf00000)]
  0x0000016746ed1440 JavaThread "jar transforms Thread 2" [_thread_blocked, id=18976, stack(0x000000281bf00000,0x000000281c000000)]
  0x0000016746eccd60 JavaThread "jar transforms Thread 3" [_thread_blocked, id=20668, stack(0x000000281c000000,0x000000281c100000)]
  0x0000016746ed0510 JavaThread "Cache worker for checksums cache (E:\code\mange_ship\datn\example\android\.gradle\7.6.3\checksums)" [_thread_blocked, id=9204, stack(0x000000281c100000,0x000000281c200000)]
  0x0000016746ecebc0 JavaThread "Cache worker for cache directory md-rule (C:\Users\chihu\.gradle\caches\7.6.3\md-rule)" [_thread_blocked, id=13920, stack(0x000000281c200000,0x000000281c300000)]
  0x0000016746ed1950 JavaThread "Cache worker for file content cache (C:\Users\chihu\.gradle\caches\7.6.3\fileContent)" [_thread_blocked, id=18684, stack(0x000000281c300000,0x000000281c400000)]
  0x0000016746ed2370 JavaThread "Cache worker for file hash cache (E:\code\mange_ship\datn\example\android\.gradle\7.6.3\fileHashes)" [_thread_blocked, id=11576, stack(0x000000281c400000,0x000000281c500000)]
  0x0000016746ed2880 JavaThread "Cache worker for cache directory md-supplier (C:\Users\chihu\.gradle\caches\7.6.3\md-supplier)" [_thread_blocked, id=21192, stack(0x000000281c500000,0x000000281c600000)]
  0x0000016746ecf0d0 JavaThread "Cache worker for execution history cache (C:\Users\chihu\.gradle\caches\7.6.3\executionHistory)" [_thread_blocked, id=6680, stack(0x0000002819400000,0x0000002819500000)]
  0x0000016746ed2d90 JavaThread "jar transforms Thread 4" [_thread_blocked, id=14892, stack(0x0000002819500000,0x0000002819600000)]
  0x0000016746ed0a20 JavaThread "Cache worker for kotlin-dsl (C:\Users\chihu\.gradle\caches\7.6.3\kotlin-dsl)" [_thread_blocked, id=14780, stack(0x000000281c600000,0x000000281c700000)]
  0x0000016746ed37b0 JavaThread "Cache worker for dependencies-accessors (E:\code\mange_ship\datn\example\android\.gradle\7.6.3\dependencies-accessors)" [_thread_blocked, id=14220, stack(0x000000281c700000,0x000000281c800000)]
  0x0000016746ecd270 JavaThread "Cache worker for Build Output Cleanup Cache (E:\flutterSDK\flutter_windows_3.19.2-stable\flutter\packages\flutter_tools\gradle\.gradle\buildOutputCleanup)" [_thread_blocked, id=17292, stack(0x000000281b500000,0x000000281b600000)]
  0x0000016746ecfaf0 JavaThread "Memory manager" [_thread_blocked, id=5612, stack(0x000000281c800000,0x000000281c900000)]
  0x0000016746ecd780 JavaThread "included builds" [_thread_blocked, id=15440, stack(0x000000281b700000,0x000000281b800000)]
  0x0000016746ecdc90 JavaThread "Execution worker" [_thread_blocked, id=18616, stack(0x000000281c900000,0x000000281ca00000)]
  0x0000016746ecf5e0 JavaThread "Execution worker Thread 2" [_thread_blocked, id=17640, stack(0x000000281ca00000,0x000000281cb00000)]
  0x0000016746ecc850 JavaThread "Execution worker Thread 3" [_thread_blocked, id=14524, stack(0x000000281cb00000,0x000000281cc00000)]
  0x0000016746ed0000 JavaThread "Cache worker for execution history cache (E:\flutterSDK\flutter_windows_3.19.2-stable\flutter\packages\flutter_tools\gradle\.gradle\7.6.3\executionHistory)" [_thread_blocked, id=12888, stack(0x000000281cc00000,0x000000281cd00000)]
  0x0000016746ed0f30 JavaThread "Unconstrained build operations" [_thread_blocked, id=7520, stack(0x000000281cd00000,0x000000281ce00000)]
  0x0000016745440390 JavaThread "Unconstrained build operations Thread 2" [_thread_blocked, id=18508, stack(0x000000281ce00000,0x000000281cf00000)]
  0x0000016748f303c0 JavaThread "Unconstrained build operations Thread 3" [_thread_blocked, id=2076, stack(0x000000281cf00000,0x000000281d000000)]
  0x0000016748f2feb0 JavaThread "Unconstrained build operations Thread 4" [_thread_blocked, id=18700, stack(0x000000281d000000,0x000000281d100000)]
  0x0000016748f2e560 JavaThread "Unconstrained build operations Thread 5" [_thread_blocked, id=15096, stack(0x000000281d100000,0x000000281d200000)]
  0x0000016748f2f490 JavaThread "Unconstrained build operations Thread 6" [_thread_blocked, id=13456, stack(0x000000281d200000,0x000000281d300000)]
  0x0000016748f2e050 JavaThread "Unconstrained build operations Thread 7" [_thread_blocked, id=16148, stack(0x000000281d300000,0x000000281d400000)]
  0x0000016748f32730 JavaThread "Unconstrained build operations Thread 8" [_thread_blocked, id=18736, stack(0x000000281d400000,0x000000281d500000)]
  0x0000016748f31d10 JavaThread "Unconstrained build operations Thread 9" [_thread_blocked, id=9296, stack(0x000000281d500000,0x000000281d600000)]
  0x0000016748f32220 JavaThread "Unconstrained build operations Thread 10" [_thread_blocked, id=14420, stack(0x000000281d600000,0x000000281d700000)]
  0x0000016748f2ef80 JavaThread "Unconstrained build operations Thread 11" [_thread_blocked, id=18960, stack(0x000000281d700000,0x000000281d800000)]
  0x0000016748f31800 JavaThread "Unconstrained build operations Thread 12" [_thread_blocked, id=15320, stack(0x000000281d800000,0x000000281d900000)]
  0x0000016748f30de0 JavaThread "Unconstrained build operations Thread 13" [_thread_blocked, id=20748, stack(0x000000281d900000,0x000000281da00000)]
  0x0000016748f312f0 JavaThread "Unconstrained build operations Thread 14" [_thread_blocked, id=5940, stack(0x000000281da00000,0x000000281db00000)]
  0x0000016748f33660 JavaThread "Unconstrained build operations Thread 15" [_thread_blocked, id=18048, stack(0x000000281db00000,0x000000281dc00000)]
  0x0000016748f34fb0 JavaThread "Unconstrained build operations Thread 16" [_thread_blocked, id=20828, stack(0x000000281dc00000,0x000000281dd00000)]
  0x0000016748f2f9a0 JavaThread "Unconstrained build operations Thread 17" [_thread_blocked, id=12088, stack(0x000000281dd00000,0x000000281de00000)]
  0x0000016748f33150 JavaThread "Unconstrained build operations Thread 18" [_thread_blocked, id=19596, stack(0x000000281de00000,0x000000281df00000)]
  0x0000016748f32c40 JavaThread "Unconstrained build operations Thread 19" [_thread_blocked, id=17788, stack(0x000000281df00000,0x000000281e000000)]
  0x0000016748f33b70 JavaThread "Unconstrained build operations Thread 20" [_thread_blocked, id=9416, stack(0x000000281e000000,0x000000281e100000)]
  0x0000016748f34080 JavaThread "Unconstrained build operations Thread 21" [_thread_blocked, id=14668, stack(0x000000281e100000,0x000000281e200000)]
  0x0000016748f34590 JavaThread "Unconstrained build operations Thread 22" [_thread_blocked, id=10420, stack(0x000000281e200000,0x000000281e300000)]
  0x0000016748f34aa0 JavaThread "Unconstrained build operations Thread 23" [_thread_blocked, id=8424, stack(0x000000281e300000,0x000000281e400000)]
  0x0000016748f359d0 JavaThread "Unconstrained build operations Thread 24" [_thread_blocked, id=6408, stack(0x000000281e400000,0x000000281e500000)]
  0x0000016748f354c0 JavaThread "Unconstrained build operations Thread 25" [_thread_blocked, id=20224, stack(0x000000281e500000,0x000000281e600000)]
  0x0000016747760660 JavaThread "Unconstrained build operations Thread 26" [_thread_blocked, id=3616, stack(0x000000281e600000,0x000000281e700000)]
  0x00000167477633f0 JavaThread "Unconstrained build operations Thread 27" [_thread_blocked, id=15956, stack(0x000000281e700000,0x000000281e800000)]
  0x0000016747760b70 JavaThread "Unconstrained build operations Thread 28" [_thread_blocked, id=20472, stack(0x000000281e800000,0x000000281e900000)]
  0x0000016747762ee0 JavaThread "Unconstrained build operations Thread 29" [_thread_blocked, id=8612, stack(0x000000281e900000,0x000000281ea00000)]
  0x000001674775fc40 JavaThread "Unconstrained build operations Thread 30" [_thread_blocked, id=21060, stack(0x000000281ea00000,0x000000281eb00000)]
  0x00000167477629d0 JavaThread "Unconstrained build operations Thread 31" [_thread_blocked, id=18588, stack(0x000000281eb00000,0x000000281ec00000)]
  0x0000016747763900 JavaThread "Unconstrained build operations Thread 32" [_thread_blocked, id=18232, stack(0x000000281ec00000,0x000000281ed00000)]
  0x0000016747764d40 JavaThread "Unconstrained build operations Thread 33" [_thread_blocked, id=1204, stack(0x000000281ed00000,0x000000281ee00000)]
  0x0000016747761080 JavaThread "Unconstrained build operations Thread 34" [_thread_blocked, id=2252, stack(0x000000281ee00000,0x000000281ef00000)]
  0x0000016747763e10 JavaThread "Unconstrained build operations Thread 35" [_thread_blocked, id=19948, stack(0x000000281ef00000,0x000000281f000000)]
  0x000001674775dde0 JavaThread "Unconstrained build operations Thread 36" [_thread_blocked, id=9644, stack(0x000000281f000000,0x000000281f100000)]
  0x0000016747761590 JavaThread "Unconstrained build operations Thread 37" [_thread_blocked, id=18644, stack(0x000000281f100000,0x000000281f200000)]
  0x0000016747764320 JavaThread "Unconstrained build operations Thread 38" [_thread_blocked, id=19356, stack(0x000000281f200000,0x000000281f300000)]
  0x0000016747765250 JavaThread "Unconstrained build operations Thread 39" [_thread_blocked, id=21272, stack(0x000000281f300000,0x000000281f400000)]
  0x000001674775e800 JavaThread "Unconstrained build operations Thread 40" [_thread_blocked, id=8196, stack(0x000000281f400000,0x000000281f500000)]

Other Threads:
  0x000001677e7c7620 VMThread "VM Thread" [stack: 0x0000002819c00000,0x0000002819d00000] [id=21056]
  0x000001677ea343e0 WatcherThread [stack: 0x000000281a800000,0x000000281a900000] [id=12024]
  0x000001675c2d1040 GCTaskThread "GC Thread#0" [stack: 0x0000002819700000,0x0000002819800000] [id=20820]
  0x000001677ed56e10 GCTaskThread "GC Thread#1" [stack: 0x000000281a900000,0x000000281aa00000] [id=17340]
  0x000001677ec5d030 GCTaskThread "GC Thread#2" [stack: 0x000000281aa00000,0x000000281ab00000] [id=19708]
  0x000001677ed354d0 GCTaskThread "GC Thread#3" [stack: 0x000000281ab00000,0x000000281ac00000] [id=21368]
  0x000001675c2e1f90 ConcurrentGCThread "G1 Main Marker" [stack: 0x0000002819800000,0x0000002819900000] [id=21312]
  0x000001675c2e29a0 ConcurrentGCThread "G1 Conc#0" [stack: 0x0000002819900000,0x0000002819a00000] [id=18936]
  0x000001677e680090 ConcurrentGCThread "G1 Refine#0" [stack: 0x0000002819a00000,0x0000002819b00000] [id=14032]
  0x0000016745bad590 ConcurrentGCThread "G1 Refine#1" [stack: 0x000000281af00000,0x000000281b000000] [id=15416]
  0x000001677e680ac0 ConcurrentGCThread "G1 Service" [stack: 0x0000002819b00000,0x0000002819c00000] [id=16944]

Threads with active compile tasks:
C2 CompilerThread0   154678 7960       4       org.objectweb.asm.ClassReader::readCode (5109 bytes)

VM state: not at safepoint (normal execution)

VM Mutex/Monitor currently owned by a thread: None

Heap address: 0x0000000700000000, size: 4096 MB, Compressed Oops mode: Zero based, Oop shift amount: 3

CDS archive(s) mapped at: [0x0000016700000000-0x0000016700bd0000-0x0000016700bd0000), size 12386304, SharedBaseAddress: 0x0000016700000000, ArchiveRelocationMode: 1.
Compressed class space mapped at: 0x0000016701000000-0x0000016741000000, reserved size: 1073741824
Narrow klass base: 0x0000016700000000, Narrow klass shift: 0, Narrow klass range: 0x100000000

GC Precious Log:
 CPUs: 4 total, 4 available
 Memory: 8097M
 Large Page Support: Disabled
 NUMA Support: Disabled
 Compressed Oops: Enabled (Zero based)
 Heap Region Size: 2M
 Heap Min Capacity: 8M
 Heap Initial Capacity: 128M
 Heap Max Capacity: 4G
 Pre-touch: Disabled
 Parallel Workers: 4
 Concurrent Workers: 1
 Concurrent Refinement Workers: 4
 Periodic GC: Disabled

Heap:
 garbage-first heap   total 96256K, used 63969K [0x0000000700000000, 0x0000000800000000)
  region size 2048K, 13 young (26624K), 3 survivors (6144K)
 Metaspace       used 58300K, committed 58944K, reserved 1114112K
  class space    used 8202K, committed 8512K, reserved 1048576K

Heap Regions: E=young(eden), S=young(survivor), O=old, HS=humongous(starts), HC=humongous(continues), CS=collection set, F=free, OA=open archive, CA=closed archive, TAMS=top-at-mark-start (previous, next)
|   0|0x0000000700000000, 0x0000000700200000, 0x0000000700200000|100%| O|  |TAMS 0x0000000700200000, 0x0000000700000000| Untracked 
|   1|0x0000000700200000, 0x0000000700400000, 0x0000000700400000|100%|HS|  |TAMS 0x0000000700400000, 0x0000000700200000| Complete 
|   2|0x0000000700400000, 0x0000000700600000, 0x0000000700600000|100%|HC|  |TAMS 0x0000000700600000, 0x0000000700400000| Complete 
|   3|0x0000000700600000, 0x0000000700800000, 0x0000000700800000|100%| O|  |TAMS 0x0000000700800000, 0x0000000700600000| Untracked 
|   4|0x0000000700800000, 0x0000000700a00000, 0x0000000700a00000|100%| O|  |TAMS 0x0000000700a00000, 0x0000000700800000| Untracked 
|   5|0x0000000700a00000, 0x0000000700c00000, 0x0000000700c00000|100%| O|  |TAMS 0x0000000700c00000, 0x0000000700a00000| Untracked 
|   6|0x0000000700c00000, 0x0000000700e00000, 0x0000000700e00000|100%| O|  |TAMS 0x0000000700e00000, 0x0000000700c00000| Untracked 
|   7|0x0000000700e00000, 0x0000000701000000, 0x0000000701000000|100%| O|  |TAMS 0x0000000701000000, 0x0000000700e00000| Untracked 
|   8|0x0000000701000000, 0x0000000701200000, 0x0000000701200000|100%| O|  |TAMS 0x0000000701200000, 0x0000000701000000| Untracked 
|   9|0x0000000701200000, 0x0000000701400000, 0x0000000701400000|100%| O|  |TAMS 0x0000000701200000, 0x0000000701200000| Untracked 
|  10|0x0000000701400000, 0x0000000701600000, 0x0000000701600000|100%| O|  |TAMS 0x0000000701600000, 0x0000000701400000| Untracked 
|  11|0x0000000701600000, 0x0000000701800000, 0x0000000701800000|100%| O|  |TAMS 0x0000000701800000, 0x0000000701600000| Untracked 
|  12|0x0000000701800000, 0x0000000701a00000, 0x0000000701a00000|100%| O|  |TAMS 0x0000000701a00000, 0x0000000701800000| Untracked 
|  13|0x0000000701a00000, 0x0000000701c00000, 0x0000000701c00000|100%| O|  |TAMS 0x0000000701c00000, 0x0000000701a00000| Untracked 
|  14|0x0000000701c00000, 0x0000000701e00000, 0x0000000701e00000|100%| O|  |TAMS 0x0000000701c6ea00, 0x0000000701c00000| Untracked 
|  15|0x0000000701e00000, 0x0000000702000000, 0x0000000702000000|100%| O|  |TAMS 0x0000000701e00000, 0x0000000701e00000| Untracked 
|  16|0x0000000702000000, 0x0000000702200000, 0x0000000702200000|100%| O|  |TAMS 0x0000000702000000, 0x0000000702000000| Untracked 
|  17|0x0000000702200000, 0x0000000702400000, 0x0000000702400000|100%| O|  |TAMS 0x0000000702200000, 0x0000000702200000| Untracked 
|  18|0x0000000702400000, 0x0000000702600000, 0x0000000702600000|100%| O|  |TAMS 0x0000000702400000, 0x0000000702400000| Untracked 
|  19|0x0000000702600000, 0x0000000702800000, 0x0000000702800000|100%| O|  |TAMS 0x0000000702600000, 0x0000000702600000| Untracked 
|  20|0x0000000702800000, 0x0000000702878600, 0x0000000702a00000| 23%| O|  |TAMS 0x0000000702800000, 0x0000000702800000| Untracked 
|  21|0x0000000702a00000, 0x0000000702a00000, 0x0000000702c00000|  0%| F|  |TAMS 0x0000000702a00000, 0x0000000702a00000| Untracked 
|  22|0x0000000702c00000, 0x0000000702c00000, 0x0000000702e00000|  0%| F|  |TAMS 0x0000000702c00000, 0x0000000702c00000| Untracked 
|  23|0x0000000702e00000, 0x0000000702e00000, 0x0000000703000000|  0%| F|  |TAMS 0x0000000702e00000, 0x0000000702e00000| Untracked 
|  24|0x0000000703000000, 0x0000000703000000, 0x0000000703200000|  0%| F|  |TAMS 0x0000000703000000, 0x0000000703000000| Untracked 
|  25|0x0000000703200000, 0x0000000703200000, 0x0000000703400000|  0%| F|  |TAMS 0x0000000703200000, 0x0000000703200000| Untracked 
|  26|0x0000000703400000, 0x0000000703600000, 0x0000000703600000|100%| S|CS|TAMS 0x0000000703400000, 0x0000000703400000| Complete 
|  27|0x0000000703600000, 0x0000000703800000, 0x0000000703800000|100%| S|CS|TAMS 0x0000000703600000, 0x0000000703600000| Complete 
|  28|0x0000000703800000, 0x0000000703800000, 0x0000000703a00000|  0%| F|  |TAMS 0x0000000703800000, 0x0000000703800000| Untracked 
|  29|0x0000000703a00000, 0x0000000703a00000, 0x0000000703c00000|  0%| F|  |TAMS 0x0000000703a00000, 0x0000000703a00000| Untracked 
|  30|0x0000000703c00000, 0x0000000703e00000, 0x0000000703e00000|100%| S|CS|TAMS 0x0000000703c00000, 0x0000000703c00000| Complete 
|  31|0x0000000703e00000, 0x0000000703e00000, 0x0000000704000000|  0%| F|  |TAMS 0x0000000703e00000, 0x0000000703e00000| Untracked 
|  32|0x0000000704000000, 0x0000000704000000, 0x0000000704200000|  0%| F|  |TAMS 0x0000000704000000, 0x0000000704000000| Untracked 
|  33|0x0000000704200000, 0x0000000704200000, 0x0000000704400000|  0%| F|  |TAMS 0x0000000704200000, 0x0000000704200000| Untracked 
|  34|0x0000000704400000, 0x0000000704400000, 0x0000000704600000|  0%| F|  |TAMS 0x0000000704400000, 0x0000000704400000| Untracked 
|  35|0x0000000704600000, 0x0000000704600000, 0x0000000704800000|  0%| F|  |TAMS 0x0000000704600000, 0x0000000704600000| Untracked 
|  36|0x0000000704800000, 0x0000000704800000, 0x0000000704a00000|  0%| F|  |TAMS 0x0000000704800000, 0x0000000704800000| Untracked 
|  37|0x0000000704a00000, 0x0000000704bdb230, 0x0000000704c00000| 92%| E|  |TAMS 0x0000000704a00000, 0x0000000704a00000| Complete 
|  38|0x0000000704c00000, 0x0000000704e00000, 0x0000000704e00000|100%| E|CS|TAMS 0x0000000704c00000, 0x0000000704c00000| Complete 
|  39|0x0000000704e00000, 0x0000000705000000, 0x0000000705000000|100%| E|CS|TAMS 0x0000000704e00000, 0x0000000704e00000| Complete 
|  40|0x0000000705000000, 0x0000000705200000, 0x0000000705200000|100%| E|CS|TAMS 0x0000000705000000, 0x0000000705000000| Complete 
|  41|0x0000000705200000, 0x0000000705400000, 0x0000000705400000|100%| E|CS|TAMS 0x0000000705200000, 0x0000000705200000| Complete 
|  42|0x0000000705400000, 0x0000000705600000, 0x0000000705600000|100%| E|  |TAMS 0x0000000705400000, 0x0000000705400000| Complete 
|  44|0x0000000705800000, 0x0000000705a00000, 0x0000000705a00000|100%| E|CS|TAMS 0x0000000705800000, 0x0000000705800000| Complete 
|  45|0x0000000705a00000, 0x0000000705c00000, 0x0000000705c00000|100%| E|CS|TAMS 0x0000000705a00000, 0x0000000705a00000| Complete 
|  62|0x0000000707c00000, 0x0000000707e00000, 0x0000000707e00000|100%| E|CS|TAMS 0x0000000707c00000, 0x0000000707c00000| Complete 
|  63|0x0000000707e00000, 0x0000000708000000, 0x0000000708000000|100%| E|CS|TAMS 0x0000000707e00000, 0x0000000707e00000| Complete 

Card table byte_map: [0x0000016773330000,0x0000016773b30000] _byte_map_base: 0x000001676fb30000

Marking Bits (Prev, Next): (CMBitMap*) 0x000001675c2d1660, (CMBitMap*) 0x000001675c2d16a0
 Prev Bits: [0x0000016774330000, 0x0000016778330000)
 Next Bits: [0x0000016778330000, 0x000001677c330000)

Polling page: 0x000001675a190000

Metaspace:

Usage:
  Non-class:     48.92 MB used.
      Class:      8.01 MB used.
       Both:     56.93 MB used.

Virtual space:
  Non-class space:       64.00 MB reserved,      49.25 MB ( 77%) committed,  1 nodes.
      Class space:        1.00 GB reserved,       8.31 MB ( <1%) committed,  1 nodes.
             Both:        1.06 GB reserved,      57.56 MB (  5%) committed. 

Chunk freelists:
   Non-Class:  14.12 MB
       Class:  7.55 MB
        Both:  21.67 MB

MaxMetaspaceSize: unlimited
CompressedClassSpaceSize: 1.00 GB
Initial GC threshold: 21.00 MB
Current GC threshold: 58.88 MB
CDS: on
MetaspaceReclaimPolicy: balanced
 - commit_granule_bytes: 65536.
 - commit_granule_words: 8192.
 - virtual_space_node_default_size: 8388608.
 - enlarge_chunks_in_place: 1.
 - new_chunks_are_fully_committed: 0.
 - uncommit_free_chunks: 1.
 - use_allocation_guard: 0.
 - handle_deallocations: 1.


Internal statistics:

num_allocs_failed_limit: 6.
num_arena_births: 794.
num_arena_deaths: 0.
num_vsnodes_births: 2.
num_vsnodes_deaths: 0.
num_space_committed: 921.
num_space_uncommitted: 0.
num_chunks_returned_to_freelist: 6.
num_chunks_taken_from_freelist: 3111.
num_chunk_merges: 6.
num_chunk_splits: 2034.
num_chunks_enlarged: 1358.
num_inconsistent_stats: 0.

CodeHeap 'non-profiled nmethods': size=120000Kb used=4103Kb max_used=4103Kb free=115896Kb
 bounds [0x000001676b600000, 0x000001676ba10000, 0x0000016772b30000]
CodeHeap 'profiled nmethods': size=120000Kb used=14621Kb max_used=14621Kb free=105378Kb
 bounds [0x0000016763b30000, 0x0000016764980000, 0x000001676b060000]
CodeHeap 'non-nmethods': size=5760Kb used=2358Kb max_used=2407Kb free=3402Kb
 bounds [0x000001676b060000, 0x000001676b2d0000, 0x000001676b600000]
 total_blobs=8168 nmethods=7283 adapters=797
 compilation: enabled
              stopped_count=0, restarted_count=0
 full_count=0

Compilation events (20 events):
Event: 153.412 Thread 0x000001677e7eae60 nmethod 7963 0x0000016764960790 code [0x00000167649609e0, 0x0000016764961208]
Event: 153.424 Thread 0x000001677e7eae60 7965       3       java.util.zip.ZipFile$ZipEntryIterator::hasMoreElements (5 bytes)
Event: 153.424 Thread 0x000001677e7eae60 nmethod 7965 0x0000016764961610 code [0x00000167649617a0, 0x0000016764961978]
Event: 153.452 Thread 0x000001677e7eae60 7966       3       org.objectweb.asm.ClassReader::getFirstAttributeOffset (136 bytes)
Event: 153.453 Thread 0x000001677e7eae60 nmethod 7966 0x0000016764961a10 code [0x0000016764961c40, 0x00000167649622c8]
Event: 153.453 Thread 0x000001677e7eae60 7967       3       org.objectweb.asm.ClassWriter::<init> (7 bytes)
Event: 153.453 Thread 0x000001677e7eae60 nmethod 7967 0x0000016764962590 code [0x0000016764962740, 0x0000016764962888]
Event: 153.453 Thread 0x000001677e7eae60 7968       3       org.objectweb.asm.ClassWriter::<init> (73 bytes)
Event: 153.455 Thread 0x000001677e7eae60 nmethod 7968 0x0000016764962910 code [0x0000016764962ae0, 0x0000016764962f88]
Event: 153.794 Thread 0x000001677e7e93a0 nmethod 7959 0x000001676b9f7c10 code [0x000001676b9f8160, 0x000001676b9fe550]
Event: 153.795 Thread 0x000001677e7e93a0 7960       4       org.objectweb.asm.ClassReader::readCode (5109 bytes)
Event: 154.279 Thread 0x000001677e7eae60 7969       3       org.gradle.internal.classpath.InstrumentingTransformer::access$000 (4 bytes)
Event: 154.279 Thread 0x000001677e7eae60 nmethod 7969 0x0000016764963110 code [0x00000167649632a0, 0x0000016764963398]
Event: 154.279 Thread 0x000001677e7eae60 7970       3       org.objectweb.asm.ClassWriter::visitEnd (1 bytes)
Event: 154.280 Thread 0x000001677e7eae60 nmethod 7970 0x0000016764963410 code [0x00000167649635a0, 0x00000167649636b8]
Event: 154.280 Thread 0x000001677e7eae60 7971   !   3       java.util.zip.Inflater::end (37 bytes)
Event: 154.281 Thread 0x000001677e7eae60 nmethod 7971 0x0000016764963790 code [0x0000016764963980, 0x0000016764963f88]
Event: 154.285 Thread 0x000001677e7eae60 7972       1       java.util.zip.ZipEntry::getComment (5 bytes)
Event: 154.285 Thread 0x000001677e7eae60 nmethod 7972 0x000001676ba01690 code [0x000001676ba01820, 0x000001676ba018f8]
Event: 154.286 Thread 0x000001677e7eae60 7973       1       org.apache.tools.zip.ZipEntry::getInternalAttributes (5 bytes)

GC Heap History (20 events):
Event: 97.386 GC heap before
{Heap before GC invocations=6 (full 0):
 garbage-first heap   total 96256K, used 77287K [0x0000000700000000, 0x0000000800000000)
  region size 2048K, 28 young (57344K), 2 survivors (4096K)
 Metaspace       used 30271K, committed 30720K, reserved 1114112K
  class space    used 4318K, committed 4544K, reserved 1048576K
}
Event: 97.405 GC heap after
{Heap after GC invocations=7 (full 0):
 garbage-first heap   total 96256K, used 27460K [0x0000000700000000, 0x0000000800000000)
  region size 2048K, 4 young (8192K), 4 survivors (8192K)
 Metaspace       used 30271K, committed 30720K, reserved 1114112K
  class space    used 4318K, committed 4544K, reserved 1048576K
}
Event: 97.627 GC heap before
{Heap before GC invocations=7 (full 0):
 garbage-first heap   total 96256K, used 29508K [0x0000000700000000, 0x0000000800000000)
  region size 2048K, 5 young (10240K), 4 survivors (8192K)
 Metaspace       used 30699K, committed 31104K, reserved 1114112K
  class space    used 4370K, committed 4544K, reserved 1048576K
}
Event: 97.645 GC heap after
{Heap after GC invocations=8 (full 0):
 garbage-first heap   total 96256K, used 28271K [0x0000000700000000, 0x0000000800000000)
  region size 2048K, 1 young (2048K), 1 survivors (2048K)
 Metaspace       used 30699K, committed 31104K, reserved 1114112K
  class space    used 4370K, committed 4544K, reserved 1048576K
}
Event: 104.745 GC heap before
{Heap before GC invocations=8 (full 0):
 garbage-first heap   total 96256K, used 71279K [0x0000000700000000, 0x0000000800000000)
  region size 2048K, 22 young (45056K), 1 survivors (2048K)
 Metaspace       used 34334K, committed 34752K, reserved 1114112K
  class space    used 4716K, committed 4928K, reserved 1048576K
}
Event: 104.762 GC heap after
{Heap after GC invocations=9 (full 0):
 garbage-first heap   total 96256K, used 32058K [0x0000000700000000, 0x0000000800000000)
  region size 2048K, 3 young (6144K), 3 survivors (6144K)
 Metaspace       used 34334K, committed 34752K, reserved 1114112K
  class space    used 4716K, committed 4928K, reserved 1048576K
}
Event: 108.377 GC heap before
{Heap before GC invocations=9 (full 0):
 garbage-first heap   total 96256K, used 56634K [0x0000000700000000, 0x0000000800000000)
  region size 2048K, 16 young (32768K), 3 survivors (6144K)
 Metaspace       used 35570K, committed 36096K, reserved 1114112K
  class space    used 4914K, committed 5184K, reserved 1048576K
}
Event: 108.398 GC heap after
{Heap after GC invocations=10 (full 0):
 garbage-first heap   total 96256K, used 33559K [0x0000000700000000, 0x0000000800000000)
  region size 2048K, 1 young (2048K), 1 survivors (2048K)
 Metaspace       used 35570K, committed 36096K, reserved 1114112K
  class space    used 4914K, committed 5184K, reserved 1048576K
}
Event: 112.048 GC heap before
{Heap before GC invocations=11 (full 0):
 garbage-first heap   total 96256K, used 70423K [0x0000000700000000, 0x0000000800000000)
  region size 2048K, 20 young (40960K), 1 survivors (2048K)
 Metaspace       used 38651K, committed 39168K, reserved 1114112K
  class space    used 5317K, committed 5568K, reserved 1048576K
}
Event: 112.060 GC heap after
{Heap after GC invocations=12 (full 0):
 garbage-first heap   total 96256K, used 35607K [0x0000000700000000, 0x0000000800000000)
  region size 2048K, 2 young (4096K), 2 survivors (4096K)
 Metaspace       used 38651K, committed 39168K, reserved 1114112K
  class space    used 5317K, committed 5568K, reserved 1048576K
}
Event: 119.941 GC heap before
{Heap before GC invocations=12 (full 0):
 garbage-first heap   total 96256K, used 74519K [0x0000000700000000, 0x0000000800000000)
  region size 2048K, 21 young (43008K), 2 survivors (4096K)
 Metaspace       used 43634K, committed 44224K, reserved 1114112K
  class space    used 6082K, committed 6400K, reserved 1048576K
}
Event: 119.965 GC heap after
{Heap after GC invocations=13 (full 0):
 garbage-first heap   total 96256K, used 37948K [0x0000000700000000, 0x0000000800000000)
  region size 2048K, 3 young (6144K), 3 survivors (6144K)
 Metaspace       used 43634K, committed 44224K, reserved 1114112K
  class space    used 6082K, committed 6400K, reserved 1048576K
}
Event: 128.845 GC heap before
{Heap before GC invocations=13 (full 0):
 garbage-first heap   total 96256K, used 74812K [0x0000000700000000, 0x0000000800000000)
  region size 2048K, 21 young (43008K), 3 survivors (6144K)
 Metaspace       used 47886K, committed 48448K, reserved 1114112K
  class space    used 6693K, committed 6976K, reserved 1048576K
}
Event: 128.868 GC heap after
{Heap after GC invocations=14 (full 0):
 garbage-first heap   total 96256K, used 39402K [0x0000000700000000, 0x0000000800000000)
  region size 2048K, 2 young (4096K), 2 survivors (4096K)
 Metaspace       used 47886K, committed 48448K, reserved 1114112K
  class space    used 6693K, committed 6976K, reserved 1048576K
}
Event: 133.527 GC heap before
{Heap before GC invocations=14 (full 0):
 garbage-first heap   total 96256K, used 74218K [0x0000000700000000, 0x0000000800000000)
  region size 2048K, 20 young (40960K), 2 survivors (4096K)
 Metaspace       used 51743K, committed 52352K, reserved 1114112K
  class space    used 7214K, committed 7488K, reserved 1048576K
}
Event: 133.539 GC heap after
{Heap after GC invocations=15 (full 0):
 garbage-first heap   total 96256K, used 41397K [0x0000000700000000, 0x0000000800000000)
  region size 2048K, 2 young (4096K), 2 survivors (4096K)
 Metaspace       used 51743K, committed 52352K, reserved 1114112K
  class space    used 7214K, committed 7488K, reserved 1048576K
}
Event: 135.987 GC heap before
{Heap before GC invocations=15 (full 0):
 garbage-first heap   total 96256K, used 76213K [0x0000000700000000, 0x0000000800000000)
  region size 2048K, 19 young (38912K), 2 survivors (4096K)
 Metaspace       used 55288K, committed 55936K, reserved 1114112K
  class space    used 7784K, committed 8064K, reserved 1048576K
}
Event: 135.998 GC heap after
{Heap after GC invocations=16 (full 0):
 garbage-first heap   total 96256K, used 43330K [0x0000000700000000, 0x0000000800000000)
  region size 2048K, 2 young (4096K), 2 survivors (4096K)
 Metaspace       used 55288K, committed 55936K, reserved 1114112K
  class space    used 7784K, committed 8064K, reserved 1048576K
}
Event: 149.680 GC heap before
{Heap before GC invocations=16 (full 0):
 garbage-first heap   total 96256K, used 76098K [0x0000000700000000, 0x0000000800000000)
  region size 2048K, 18 young (36864K), 2 survivors (4096K)
 Metaspace       used 57993K, committed 58560K, reserved 1114112K
  class space    used 8182K, committed 8448K, reserved 1048576K
}
Event: 149.701 GC heap after
{Heap after GC invocations=17 (full 0):
 garbage-first heap   total 96256K, used 47585K [0x0000000700000000, 0x0000000800000000)
  region size 2048K, 3 young (6144K), 3 survivors (6144K)
 Metaspace       used 57993K, committed 58560K, reserved 1114112K
  class space    used 8182K, committed 8448K, reserved 1048576K
}

Deoptimization events (20 events):
Event: 151.820 Thread 0x0000016745442700 Uncommon trap: trap_request=0xffffff45 fr.pc=0x000001676b8e2b1c relative=0x000000000000079c
Event: 151.820 Thread 0x0000016745442700 Uncommon trap: reason=unstable_if action=reinterpret pc=0x000001676b8e2b1c method=org.objectweb.asm.MethodWriter.visitMethodInsn(ILjava/lang/String;Ljava/lang/String;Ljava/lang/String;Z)V @ 89 c2
Event: 151.820 Thread 0x0000016745442700 DEOPT PACKING pc=0x000001676b8e2b1c sp=0x000000281befda30
Event: 151.820 Thread 0x0000016745442700 DEOPT UNPACKING pc=0x000001676b0b23a3 sp=0x000000281befd9b8 mode 2
Event: 151.820 Thread 0x0000016745442700 Uncommon trap: trap_request=0xffffff45 fr.pc=0x000001676b6f3d6c relative=0x00000000000003ac
Event: 151.820 Thread 0x0000016745442700 Uncommon trap: reason=unstable_if action=reinterpret pc=0x000001676b6f3d6c method=org.objectweb.asm.MethodWriter.visitVarInsn(II)V @ 116 c2
Event: 151.820 Thread 0x0000016745442700 DEOPT PACKING pc=0x000001676b6f3d6c sp=0x000000281befdc10
Event: 151.820 Thread 0x0000016745442700 DEOPT UNPACKING pc=0x000001676b0b23a3 sp=0x000000281befdbb8 mode 2
Event: 151.820 Thread 0x0000016745442700 Uncommon trap: trap_request=0xffffffde fr.pc=0x000001676b902ab0 relative=0x0000000000000090
Event: 151.820 Thread 0x0000016745442700 Uncommon trap: reason=class_check action=maybe_recompile pc=0x000001676b902ab0 method=org.objectweb.asm.MethodVisitor.visitMethodInsn(ILjava/lang/String;Ljava/lang/String;Ljava/lang/String;Z)V @ 76 c2
Event: 151.820 Thread 0x0000016745442700 DEOPT PACKING pc=0x000001676b902ab0 sp=0x000000281befdbd0
Event: 151.820 Thread 0x0000016745442700 DEOPT UNPACKING pc=0x000001676b0b23a3 sp=0x000000281befdb68 mode 2
Event: 151.820 Thread 0x0000016745442700 Uncommon trap: trap_request=0xffffffde fr.pc=0x000001676b902ab0 relative=0x0000000000000090
Event: 151.820 Thread 0x0000016745442700 Uncommon trap: reason=class_check action=maybe_recompile pc=0x000001676b902ab0 method=org.objectweb.asm.MethodVisitor.visitMethodInsn(ILjava/lang/String;Ljava/lang/String;Ljava/lang/String;Z)V @ 76 c2
Event: 151.820 Thread 0x0000016745442700 DEOPT PACKING pc=0x000001676b902ab0 sp=0x000000281befdbd0
Event: 151.820 Thread 0x0000016745442700 DEOPT UNPACKING pc=0x000001676b0b23a3 sp=0x000000281befdb68 mode 2
Event: 152.097 Thread 0x0000016745442700 Uncommon trap: trap_request=0xffffffde fr.pc=0x000001676b902ab0 relative=0x0000000000000090
Event: 152.097 Thread 0x0000016745442700 Uncommon trap: reason=class_check action=maybe_recompile pc=0x000001676b902ab0 method=org.objectweb.asm.MethodVisitor.visitMethodInsn(ILjava/lang/String;Ljava/lang/String;Ljava/lang/String;Z)V @ 76 c2
Event: 152.097 Thread 0x0000016745442700 DEOPT PACKING pc=0x000001676b902ab0 sp=0x000000281befdbd0
Event: 152.097 Thread 0x0000016745442700 DEOPT UNPACKING pc=0x000001676b0b23a3 sp=0x000000281befdb68 mode 2

Classes unloaded (0 events):
No events

Classes redefined (0 events):
No events

Internal exceptions (20 events):
Event: 134.189 Thread 0x0000016745441ce0 Exception <a 'java/lang/NoSuchMethodError'{0x0000000705951450}: 'java.lang.Object java.lang.invoke.DirectMethodHandle$Holder.newInvokeSpecial(java.lang.Object, java.lang.Object, java.lang.Object, java.lang.Object, java.lang.Object, int)'> (0x0000000705951450) 
thrown [s\open\src\hotspot\share\interpreter\linkResolver.cpp, line 759]
Event: 134.190 Thread 0x0000016745441ce0 Exception <a 'java/lang/NoSuchMethodError'{0x00000007059568a8}: 'java.lang.Object java.lang.invoke.DirectMethodHandle$Holder.invokeSpecial(java.lang.Object, java.lang.Object, java.lang.Object, java.lang.Object, java.lang.Object, java.lang.Object, int)'> (0x00000007059568a8) 
thrown [s\open\src\hotspot\share\interpreter\linkResolver.cpp, line 759]
Event: 134.254 Thread 0x0000016745441ce0 Exception <a 'java/lang/NoSuchMethodError'{0x00000007054374e0}: 'void java.lang.invoke.DirectMethodHandle$Holder.invokeStatic(java.lang.Object, java.lang.Object, java.lang.Object, int, java.lang.Object)'> (0x00000007054374e0) 
thrown [s\open\src\hotspot\share\interpreter\linkResolver.cpp, line 759]
Event: 135.557 Thread 0x0000016745441ce0 Exception <a 'java/lang/NoSuchMethodError'{0x00000007040167b0}: 'java.lang.Object java.lang.invoke.DirectMethodHandle$Holder.newInvokeSpecial(java.lang.Object, java.lang.Object, java.lang.Object, java.lang.Object, java.lang.Object, java.lang.Object, java.lang.Object, java.lang.Object, java.lang.Object)'> (0x00000007040167b0) 
thrown [s\open\src\hotspot\share\interpreter\linkResolver.cpp, line 759]
Event: 135.557 Thread 0x0000016745441ce0 Exception <a 'java/lang/NoSuchMethodError'{0x000000070401c1f0}: 'java.lang.Object java.lang.invoke.Invokers$Holder.linkToTargetMethod(java.lang.Object, java.lang.Object, java.lang.Object, java.lang.Object, java.lang.Object, java.lang.Object, java.lang.Object, java.lang.Object, java.lang.Object)'> (0x000000070401c1f0) 
thrown [s\open\src\hotspot\share\interpreter\linkResolver.cpp, line 759]
Event: 135.850 Thread 0x0000016745441ce0 Exception <a 'java/lang/NoSuchMethodError'{0x0000000703fadf00}: 'int java.lang.invoke.DirectMethodHandle$Holder.invokeInterface(java.lang.Object, java.lang.Object, java.lang.Object, java.lang.Object)'> (0x0000000703fadf00) 
thrown [s\open\src\hotspot\share\interpreter\linkResolver.cpp, line 759]
Event: 136.304 Thread 0x0000016746ecd780 Exception <a 'java/lang/NoSuchMethodError'{0x0000000705af5ae8}: 'java.lang.Object java.lang.invoke.DirectMethodHandle$Holder.newInvokeSpecial(java.lang.Object, java.lang.Object, java.lang.Object, java.lang.Object, int, java.lang.Object)'> (0x0000000705af5ae8) 
thrown [s\open\src\hotspot\share\interpreter\linkResolver.cpp, line 759]
Event: 136.305 Thread 0x0000016746ecd780 Exception <a 'java/lang/NoSuchMethodError'{0x0000000705af9e50}: 'java.lang.Object java.lang.invoke.Invokers$Holder.linkToTargetMethod(java.lang.Object, java.lang.Object, java.lang.Object, int, java.lang.Object, java.lang.Object)'> (0x0000000705af9e50) 
thrown [s\open\src\hotspot\share\interpreter\linkResolver.cpp, line 759]
Event: 136.326 Thread 0x0000016746ecc850 Exception <a 'java/lang/NoSuchMethodError'{0x0000000705b5c730}: 'void java.lang.invoke.DirectMethodHandle$Holder.invokeInterface(java.lang.Object, java.lang.Object, java.lang.Object, java.lang.Object)'> (0x0000000705b5c730) 
thrown [s\open\src\hotspot\share\interpreter\linkResolver.cpp, line 759]
Event: 136.498 Thread 0x0000016745442c10 Exception <a 'java/lang/NoSuchMethodError'{0x0000000705841d98}: static Lorg/gradle/internal/build/event/types/DefaultTaskStartedProgressEvent;.<clinit>()V> (0x0000000705841d98) 
thrown [s\open\src\hotspot\share\prims\jni.cpp, line 1112]
Event: 136.500 Thread 0x0000016745442c10 Exception <a 'java/lang/NoSuchMethodError'{0x000000070584c460}: static Lorg/gradle/internal/build/event/types/DefaultTaskDescriptor;.<clinit>()V> (0x000000070584c460) 
thrown [s\open\src\hotspot\share\prims\jni.cpp, line 1112]
Event: 137.096 Thread 0x0000016746ecc850 Exception <a 'java/lang/NoSuchMethodError'{0x00000007058f5430}: 'int java.lang.invoke.DirectMethodHandle$Holder.invokeSpecial(java.lang.Object, java.lang.Object, java.lang.Object, java.lang.Object, java.lang.Object)'> (0x00000007058f5430) 
thrown [s\open\src\hotspot\share\interpreter\linkResolver.cpp, line 759]
Event: 137.441 Thread 0x0000016745442c10 Exception <a 'java/lang/NoSuchMethodError'{0x0000000705405230}: static Lorg/gradle/internal/build/event/types/DefaultTaskFinishedProgressEvent;.<clinit>()V> (0x0000000705405230) 
thrown [s\open\src\hotspot\share\prims\jni.cpp, line 1112]
Event: 137.444 Thread 0x0000016745442c10 Exception <a 'java/lang/NoSuchMethodError'{0x00000007054172f8}: static Lorg/gradle/internal/build/event/types/DefaultTaskSkippedResult;.<clinit>()V> (0x00000007054172f8) 
thrown [s\open\src\hotspot\share\prims\jni.cpp, line 1112]
Event: 137.444 Thread 0x0000016745442c10 Exception <a 'java/lang/NoSuchMethodError'{0x00000007054185e8}: static Lorg/gradle/internal/build/event/types/AbstractTaskResult;.<clinit>()V> (0x00000007054185e8) 
thrown [s\open\src\hotspot\share\prims\jni.cpp, line 1112]
Event: 139.265 Thread 0x0000016746ecd780 Implicit null exception at 0x000001676b93266f to 0x000001676b9328c4
Event: 139.512 Thread 0x0000016745442c10 Exception <a 'java/lang/NoSuchMethodError'{0x0000000704f25270}: static Lorg/gradle/internal/build/event/types/DefaultTaskSuccessResult;.<clinit>()V> (0x0000000704f25270) 
thrown [s\open\src\hotspot\share\prims\jni.cpp, line 1112]
Event: 139.594 Thread 0x0000016746ecc850 Exception <a 'java/lang/NoSuchMethodError'{0x0000000704fcdea0}: 'void java.lang.invoke.DirectMethodHandle$Holder.invokeVirtual(java.lang.Object, java.lang.Object)'> (0x0000000704fcdea0) 
thrown [s\open\src\hotspot\share\interpreter\linkResolver.cpp, line 759]
Event: 140.481 Thread 0x0000016745442c10 Exception <a 'java/lang/NoSuchMethodError'{0x0000000704a75178}: static [Ljava/lang/Object;.<clinit>()V> (0x0000000704a75178) 
thrown [s\open\src\hotspot\share\prims\jni.cpp, line 1112]
Event: 151.791 Thread 0x0000016745442700 Exception <a 'sun/nio/fs/WindowsException'{0x00000007054fabf0}> (0x00000007054fabf0) 
thrown [s\open\src\hotspot\share\prims\jni.cpp, line 516]

VM Operations (20 events):
Event: 147.547 Executing VM operation: Cleanup
Event: 147.548 Executing VM operation: Cleanup done
Event: 148.553 Executing VM operation: Cleanup
Event: 148.572 Executing VM operation: Cleanup done
Event: 148.756 Executing VM operation: HandshakeAllThreads
Event: 148.757 Executing VM operation: HandshakeAllThreads done
Event: 149.629 Executing VM operation: G1CollectForAllocation
Event: 149.709 Executing VM operation: G1CollectForAllocation done
Event: 150.724 Executing VM operation: Cleanup
Event: 150.724 Executing VM operation: Cleanup done
Event: 151.724 Executing VM operation: Cleanup
Event: 151.724 Executing VM operation: Cleanup done
Event: 151.743 Executing VM operation: HandshakeAllThreads
Event: 151.743 Executing VM operation: HandshakeAllThreads done
Event: 151.745 Executing VM operation: HandshakeAllThreads
Event: 151.746 Executing VM operation: HandshakeAllThreads done
Event: 151.792 Executing VM operation: HandshakeAllThreads
Event: 151.792 Executing VM operation: HandshakeAllThreads done
Event: 152.807 Executing VM operation: Cleanup
Event: 152.890 Executing VM operation: Cleanup done

Events (20 events):
Event: 149.568 Thread 0x0000016748f34aa0 Thread added: 0x0000016748f34aa0
Event: 149.569 Thread 0x0000016748f359d0 Thread added: 0x0000016748f359d0
Event: 149.569 Thread 0x0000016748f354c0 Thread added: 0x0000016748f354c0
Event: 149.569 Thread 0x0000016747760660 Thread added: 0x0000016747760660
Event: 149.569 Thread 0x00000167477633f0 Thread added: 0x00000167477633f0
Event: 149.570 Thread 0x0000016747760b70 Thread added: 0x0000016747760b70
Event: 149.570 Thread 0x0000016747762ee0 Thread added: 0x0000016747762ee0
Event: 149.571 Thread 0x000001674775fc40 Thread added: 0x000001674775fc40
Event: 149.571 Thread 0x00000167477629d0 Thread added: 0x00000167477629d0
Event: 149.571 Thread 0x0000016747763900 Thread added: 0x0000016747763900
Event: 149.571 Thread 0x0000016747764d40 Thread added: 0x0000016747764d40
Event: 149.571 Thread 0x0000016747761080 Thread added: 0x0000016747761080
Event: 149.572 Thread 0x0000016747763e10 Thread added: 0x0000016747763e10
Event: 149.572 Thread 0x000001674775dde0 Thread added: 0x000001674775dde0
Event: 149.572 Thread 0x0000016747761590 Thread added: 0x0000016747761590
Event: 149.572 Thread 0x0000016747764320 Thread added: 0x0000016747764320
Event: 149.572 Thread 0x0000016747765250 Thread added: 0x0000016747765250
Event: 149.573 Thread 0x000001674775e800 Thread added: 0x000001674775e800
Event: 151.758 loading class sun/nio/fs/WindowsException
Event: 151.791 loading class sun/nio/fs/WindowsException done


Dynamic libraries:
0x00007ff6600b0000 - 0x00007ff6600c0000 	E:\jdk_17\bin\java.exe
0x00007ffb0f380000 - 0x00007ffb0f589000 	C:\Windows\SYSTEM32\ntdll.dll
0x00007ffb0de30000 - 0x00007ffb0deed000 	C:\Windows\System32\KERNEL32.DLL
0x00007ffb0cdd0000 - 0x00007ffb0d154000 	C:\Windows\System32\KERNELBASE.dll
0x00007ffb0cc10000 - 0x00007ffb0cd21000 	C:\Windows\System32\ucrtbase.dll
0x00007ffafc210000 - 0x00007ffafc229000 	E:\jdk_17\bin\jli.dll
0x00007ffaacaa0000 - 0x00007ffaacabb000 	E:\jdk_17\bin\VCRUNTIME140.dll
0x00007ffb0def0000 - 0x00007ffb0df9e000 	C:\Windows\System32\ADVAPI32.dll
0x00007ffb0dfa0000 - 0x00007ffb0e043000 	C:\Windows\System32\msvcrt.dll
0x00007ffb0d220000 - 0x00007ffb0d2be000 	C:\Windows\System32\sechost.dll
0x00007ffb0e1d0000 - 0x00007ffb0e2f1000 	C:\Windows\System32\RPCRT4.dll
0x00007ffb0daf0000 - 0x00007ffb0dc9d000 	C:\Windows\System32\USER32.dll
0x00007ffb0c810000 - 0x00007ffb0c836000 	C:\Windows\System32\win32u.dll
0x00007ffb0d890000 - 0x00007ffb0d8ba000 	C:\Windows\System32\GDI32.dll
0x00007ffb0ca70000 - 0x00007ffb0cb8e000 	C:\Windows\System32\gdi32full.dll
0x00007ffb0cd30000 - 0x00007ffb0cdcd000 	C:\Windows\System32\msvcp_win.dll
0x00007ffafdec0000 - 0x00007ffafe165000 	C:\Windows\WinSxS\amd64_microsoft.windows.common-controls_6595b64144ccf1df_6.0.22000.120_none_9d947278b86cc467\COMCTL32.dll
0x00007ffaf9980000 - 0x00007ffaf998a000 	C:\Windows\SYSTEM32\VERSION.dll
0x00007ffb0d1e0000 - 0x00007ffb0d211000 	C:\Windows\System32\IMM32.DLL
0x00007ffad1780000 - 0x00007ffad178c000 	E:\jdk_17\bin\vcruntime140_1.dll
0x00007ffa79410000 - 0x00007ffa7949e000 	E:\jdk_17\bin\msvcp140.dll
0x00007ffa72bb0000 - 0x00007ffa73790000 	E:\jdk_17\bin\server\jvm.dll
0x00007ffb0d880000 - 0x00007ffb0d888000 	C:\Windows\System32\PSAPI.DLL
0x00007ffae3fd0000 - 0x00007ffae3fd9000 	C:\Windows\SYSTEM32\WSOCK32.dll
0x00007ffb0e160000 - 0x00007ffb0e1cf000 	C:\Windows\System32\WS2_32.dll
0x00007ffb05e60000 - 0x00007ffb05e93000 	C:\Windows\SYSTEM32\WINMM.dll
0x00007ffb0b930000 - 0x00007ffb0b948000 	C:\Windows\SYSTEM32\kernel.appcore.dll
0x00007ffaab9a0000 - 0x00007ffaab9aa000 	E:\jdk_17\bin\jimage.dll
0x00007ffaf9cc0000 - 0x00007ffaf9ee1000 	C:\Windows\SYSTEM32\DBGHELP.DLL
0x00007ffaf9ef0000 - 0x00007ffaf9f21000 	C:\Windows\SYSTEM32\dbgcore.DLL
0x00007ffb0cb90000 - 0x00007ffb0cc0f000 	C:\Windows\System32\bcryptPrimitives.dll
0x00007ffa8c080000 - 0x00007ffa8c0a5000 	E:\jdk_17\bin\java.dll
0x00007ffa762e0000 - 0x00007ffa763b7000 	E:\jdk_17\bin\jsvml.dll
0x00007ffb0e630000 - 0x00007ffb0edf5000 	C:\Windows\System32\SHELL32.dll
0x00007ffb0a8b0000 - 0x00007ffb0b112000 	C:\Windows\SYSTEM32\windows.storage.dll
0x00007ffb0efc0000 - 0x00007ffb0f336000 	C:\Windows\System32\combase.dll
0x00007ffb0a740000 - 0x00007ffb0a8a7000 	C:\Windows\SYSTEM32\wintypes.dll
0x00007ffb0e050000 - 0x00007ffb0e13a000 	C:\Windows\System32\SHCORE.dll
0x00007ffb0ddd0000 - 0x00007ffb0de2d000 	C:\Windows\System32\shlwapi.dll
0x00007ffb0c740000 - 0x00007ffb0c765000 	C:\Windows\SYSTEM32\profapi.dll
0x00007ffa8ac30000 - 0x00007ffa8ac49000 	E:\jdk_17\bin\net.dll
0x00007ffb059c0000 - 0x00007ffb05ad4000 	C:\Windows\SYSTEM32\WINHTTP.dll
0x00007ffb0bdd0000 - 0x00007ffb0be37000 	C:\Windows\system32\mswsock.dll
0x00007ffa8ac10000 - 0x00007ffa8ac26000 	E:\jdk_17\bin\nio.dll
0x00007ffa8ac50000 - 0x00007ffa8ac68000 	E:\jdk_17\bin\zip.dll
0x00007ffa8c050000 - 0x00007ffa8c060000 	E:\jdk_17\bin\verify.dll
0x00007ffad8290000 - 0x00007ffad82b7000 	C:\Users\chihu\.gradle\native\c067742578af261105cb4f569cf0c3c89f3d7b1fecec35dd04571415982c5e48\windows-amd64\native-platform.dll
0x00007ffa72910000 - 0x00007ffa72a54000 	C:\Users\chihu\.gradle\native\38dada09dfb8b06ba9b0570ebf7e218e3eb74d4ef43ca46872605cf95ebc2f47\windows-amd64\native-platform-file-events.dll
0x00007ffa8ac00000 - 0x00007ffa8ac0a000 	E:\jdk_17\bin\management.dll
0x00007ffa8aaa0000 - 0x00007ffa8aaab000 	E:\jdk_17\bin\management_ext.dll
0x00007ffb0c0a0000 - 0x00007ffb0c0b8000 	C:\Windows\SYSTEM32\CRYPTSP.dll
0x00007ffb0b890000 - 0x00007ffb0b8c5000 	C:\Windows\system32\rsaenh.dll
0x00007ffb0be70000 - 0x00007ffb0be9c000 	C:\Windows\SYSTEM32\USERENV.dll
0x00007ffb0c1e0000 - 0x00007ffb0c207000 	C:\Windows\SYSTEM32\bcrypt.dll
0x00007ffb0bfc0000 - 0x00007ffb0bfcc000 	C:\Windows\SYSTEM32\CRYPTBASE.dll
0x00007ffb0b450000 - 0x00007ffb0b47d000 	C:\Windows\SYSTEM32\IPHLPAPI.DLL
0x00007ffb0dca0000 - 0x00007ffb0dca9000 	C:\Windows\System32\NSI.dll
0x00007ffb065b0000 - 0x00007ffb065c9000 	C:\Windows\SYSTEM32\dhcpcsvc6.DLL
0x00007ffb065d0000 - 0x00007ffb065ee000 	C:\Windows\SYSTEM32\dhcpcsvc.DLL
0x00007ffb0b480000 - 0x00007ffb0b567000 	C:\Windows\SYSTEM32\DNSAPI.dll
0x00007ffa8aa90000 - 0x00007ffa8aa9e000 	E:\jdk_17\bin\sunmscapi.dll
0x00007ffb0c840000 - 0x00007ffb0c9a2000 	C:\Windows\System32\CRYPT32.dll
0x00007ffb0c1b0000 - 0x00007ffb0c1d8000 	C:\Windows\SYSTEM32\ncrypt.dll
0x00007ffb0c170000 - 0x00007ffb0c1a7000 	C:\Windows\SYSTEM32\NTASN1.dll
0x00007ffaabfc0000 - 0x00007ffaabfc8000 	C:\Windows\system32\wshunix.dll

dbghelp: loaded successfully - version: 4.0.5 - missing functions: none
symbol engine: initialized successfully - sym options: 0x614 - pdb path: .;E:\jdk_17\bin;C:\Windows\SYSTEM32;C:\Windows\WinSxS\amd64_microsoft.windows.common-controls_6595b64144ccf1df_6.0.22000.120_none_9d947278b86cc467;E:\jdk_17\bin\server;C:\Users\chihu\.gradle\native\c067742578af261105cb4f569cf0c3c89f3d7b1fecec35dd04571415982c5e48\windows-amd64;C:\Users\chihu\.gradle\native\38dada09dfb8b06ba9b0570ebf7e218e3eb74d4ef43ca46872605cf95ebc2f47\windows-amd64

VM Arguments:
jvm_args: --add-opens=java.base/java.util=ALL-UNNAMED --add-opens=java.base/java.lang=ALL-UNNAMED --add-opens=java.base/java.lang.invoke=ALL-UNNAMED --add-opens=java.prefs/java.util.prefs=ALL-UNNAMED --add-opens=java.base/java.nio.charset=ALL-UNNAMED --add-opens=java.base/java.net=ALL-UNNAMED --add-opens=java.base/java.util.concurrent.atomic=ALL-UNNAMED -Xmx4g -Dfile.encoding=utf8 -Duser.country=US -Duser.language=en -Duser.variant 
java_command: org.gradle.launcher.daemon.bootstrap.GradleDaemon 7.6.3
java_class_path (initial): C:\Users\chihu\.gradle\wrapper\dists\gradle-7.6.3-all\aocdy2d2z8kodnny3rsumj8i8\gradle-7.6.3\lib\gradle-launcher-7.6.3.jar
Launcher Type: SUN_STANDARD

[Global flags]
     intx CICompilerCount                          = 3                                         {product} {ergonomic}
     uint ConcGCThreads                            = 1                                         {product} {ergonomic}
     uint G1ConcRefinementThreads                  = 4                                         {product} {ergonomic}
   size_t G1HeapRegionSize                         = 2097152                                   {product} {ergonomic}
    uintx GCDrainStackTargetSize                   = 64                                        {product} {ergonomic}
   size_t InitialHeapSize                          = 134217728                                 {product} {ergonomic}
   size_t MarkStackSize                            = 4194304                                   {product} {ergonomic}
   size_t MaxHeapSize                              = 4294967296                                {product} {command line}
   size_t MaxNewSize                               = 2575302656                                {product} {ergonomic}
   size_t MinHeapDeltaBytes                        = 2097152                                   {product} {ergonomic}
   size_t MinHeapSize                              = 8388608                                   {product} {ergonomic}
    uintx NonNMethodCodeHeapSize                   = 5832780                                {pd product} {ergonomic}
    uintx NonProfiledCodeHeapSize                  = 122912730                              {pd product} {ergonomic}
    uintx ProfiledCodeHeapSize                     = 122912730                              {pd product} {ergonomic}
    uintx ReservedCodeCacheSize                    = 251658240                              {pd product} {ergonomic}
     bool SegmentedCodeCache                       = true                                      {product} {ergonomic}
   size_t SoftMaxHeapSize                          = 4294967296                             {manageable} {ergonomic}
     bool UseCompressedClassPointers               = true                           {product lp64_product} {ergonomic}
     bool UseCompressedOops                        = true                           {product lp64_product} {ergonomic}
     bool UseG1GC                                  = true                                      {product} {ergonomic}
     bool UseLargePagesIndividualAllocation        = false                                  {pd product} {ergonomic}

Logging:
Log output configuration:
 #0: stdout all=warning uptime,level,tags
 #1: stderr all=off uptime,level,tags

Environment Variables:
JAVA_HOME=E:\jdk_17
PATH=C:\Program Files (x86)\VMware\VMware Workstation\bin\;C:\Program Files\Common Files\Oracle\Java\javapath;C:\Windows\system32;C:\Windows;C:\Windows\System32\Wbem;C:\Windows\System32\WindowsPowerShell\v1.0\;C:\Windows\System32\OpenSSH\;C:\Program Files\dotnet\;C:\Program Files\Microsoft SQL Server\Client SDK\ODBC\170\Tools\Binn\;C:\Program Files (x86)\Microsoft SQL Server\150\Tools\Binn\;C:\Program Files\Microsoft SQL Server\150\Tools\Binn\;C:\Program Files\Microsoft SQL Server\150\DTS\Binn\;C:\Program Files\Git\cmd;C:\ProgramData\chocolatey\bin;C:\Program Files\nodejs\;C:\Users\chihu\Downloads\firebase-tools-instant-win.exe;C:\Users\chihu\AppData\Local\Pub\Cache\bin;C:\ProgramData\ComposerSetup\bin;D:\gradle-8.1.1-all\bin;C:\Program Files (x86)\Microsoft SQL Server\160\Tools\Binn\;C:\Program Files\Microsoft SQL Server\160\Tools\Binn\;C:\Program Files\Microsoft SQL Server\160\DTS\Binn\;C:\Program Files (x86)\Microsoft SQL Server\160\DTS\Binn\;E:\flutterSDK\flutter_windows_3.19.2-stable\flutter\bin;E:\flutterSDK\dart-sdk\bin;E:\flutterSDK\winlibs-x86_64-posix-seh-gcc-13.2.0-llvm-17.0.6-mingw-w64ucrt-11.0.1-r5\mingw64\bin;C:\Program Files\Docker\Docker\resources\bin;E:\jdk_17\bin;E:\jdk_17\bin;C:\Users\chihu\AppData\Local\Programs\Python\Python310\Scripts\;C:\Users\chihu\AppData\Local\Programs\Python\Python310\;C:\Users\chihu\AppData\Local\Microsoft\WindowsApps;C:\Users\chihu\AppData\Local\Programs\Microsoft VS Code\bin;C:\Users\chihu\.dotnet\tools;C:\Program Files\Azure Data Studio\bin;C:\Users\chihu\AppData\Roaming\npm;C:\Users\chihu\Downloads\firebase-tools-instant-win.exe;C:\Users\chihu\AppData\Local\Pub\Cache\bin;C:\Users\chihu\AppData\Roaming\Composer\vendor\bin;D:\datagrip\DataGrip 2023.1.2\bin;;E:\Folder App\IntelliJ IDEA 2023.2\bin;;E:\interj\IntelliJ IDEA Community Edition 2023.2\bin;;E:\flutterSDK\flutter_windows_3.19.2-stable\flutter\bin;E:\flutterSDK\dart-sdk\bin;E:\flutterSDK\winlibs-x86_64-posix-seh-gcc-13.2.0-llvm-17.0.6-mingw-w64ucrt-11.0.1-r5\mingw64
USERNAME=chihu
OS=Windows_NT
PROCESSOR_IDENTIFIER=Intel64 Family 6 Model 69 Stepping 1, GenuineIntel



---------------  S Y S T E M  ---------------

OS:
 Windows 11 , 64 bit Build 22000 (10.0.22000.2538)
OS uptime: 0 days 2:45 hours
Hyper-V role detected

CPU: total 4 (initial active 4) (2 cores per cpu, 2 threads per core) family 6 model 69 stepping 1 microcode 0x26, cx8, cmov, fxsr, ht, mmx, sse, sse2, sse3, ssse3, sse4.1, sse4.2, popcnt, lzcnt, tsc, tscinvbit, avx, avx2, aes, erms, clmul, bmi1, bmi2, fma, vzeroupper, clflush, hv

Memory: 4k page, system-wide physical 8097M (374M free)
TotalPageFile size 32673M (AvailPageFile size 10M)
current process WorkingSet (physical memory assigned to process): 266M, peak: 268M
current process commit charge ("private bytes"): 310M, peak: 313M

vm_info: Java HotSpot(TM) 64-Bit Server VM (17.0.11+7-LTS-207) for windows-amd64 JRE (17.0.11+7-LTS-207), built on Mar 11 2024 19:01:50 by "mach5one" with MS VC++ 17.6 (VS2022)

END.
